$ tsx scripts/run-gates.ts doc-sync
run-gates: doc-sync running 34 gate(s) with 4 worker(s) from 20 available CPU(s), doc-sync cap 4.
run-gates: start doc-typecheck
run-gates: start documentation build
run-gates: start doc graphs
run-gates: start markdown links
run-gates: PASS doc graphs (36.92s)
run-gates: start type equivalence
run-gates: PASS type equivalence (24.97s)
run-gates: start cordis catalog
run-gates: PASS markdown links (61.93s)
run-gates: start Cordis inspect catalog
run-gates: PASS Cordis inspect catalog (5.97s)
run-gates: start verify-mermaid
run-gates: PASS cordis catalog (15.14s)
run-gates: start scoped events
run-gates: PASS scoped events (13.35s)
run-gates: start translation pairing
run-gates: PASS documentation build (132.25s)
run-gates: start markdown wrap
run-gates: PASS verify-mermaid (64.77s)
run-gates: start client catalog
run-gates: PASS client catalog (2.50s)
run-gates: start export jsdoc
run-gates: PASS doc-typecheck (140.46s)
run-gates: start tool catalog
run-gates: PASS export jsdoc (6.62s)
run-gates: start config catalog
run-gates: PASS config catalog (1.41s)
run-gates: start persistence catalog
run-gates: PASS translation pairing (53.52s)
run-gates: start Session format catalog
run-gates: PASS Session format catalog (0.55s)
run-gates: start public repository links
run-gates: PASS markdown wrap (12.30s)
run-gates: start doc refs
run-gates: PASS persistence catalog (1.64s)
run-gates: start subsystem pages
run-gates: PASS tool catalog (5.11s)
run-gates: start package paths
run-gates: PASS subsystem pages (0.80s)
run-gates: start tsconfig paths
run-gates: PASS tsconfig paths (0.64s)
run-gates: start config source ownership
run-gates: PASS config source ownership (0.60s)
run-gates: start package README Summaries
run-gates: PASS package README Summaries (0.56s)
run-gates: start package README model experience
run-gates: PASS package README model experience (3.94s)
run-gates: start agent note classification
run-gates: PASS agent note classification (0.64s)
run-gates: start agent note format
run-gates: PASS agent note format (0.63s)
run-gates: start archived agent notes
run-gates: PASS doc refs (8.43s)
run-gates: start skill invocation metadata
run-gates: PASS package paths (7.48s)
run-gates: start translation prompt
run-gates: PASS skill invocation metadata (0.66s)
run-gates: start doc budgets
run-gates: PASS translation prompt (0.66s)
run-gates: start documentation standard tests

== FAILED doc budgets (1.07s) ==
command: pnpm run verify-doc-budgets
outcome: exit 1
$ tsx scripts/verify-doc-budgets.ts
verify-doc-budgets failed:

  AGENTS.md: 1956 words exceeds the 1950-word ceiling — relocate or condense per docs/AGENTS.md (raising the ceiling requires justification in the PR)

See docs/AGENTS.md for the documentation standard and the relocation-first rule.
[ELIFECYCLE] Command failed with exit code 1.
run-gates: start documentation site checks
run-gates: PASS archived agent notes (2.41s)
run-gates: start package README limitations
run-gates: PASS package README limitations (3.83s)
run-gates: PASS documentation standard tests (5.82s)
run-gates: PASS documentation site checks (14.77s)
run-gates: PASS public repository links (40.82s)

run-gates: 33 passed, 1 failed, 0 skipped in 185.34s.
run-gates: unsuccessful gates:
  - FAILED doc budgets (1.07s, exit 1)
    pnpm run verify-doc-budgets
[ELIFECYCLE] Command failed with exit code 1.
